
[1m[46m RUN [49m[22m [36mv4.0.15 [39m[90mC:/dev/introduction-myself[39m

 [31m笶ｯ[39m components/Profile.integration.test.tsx [2m([22m[2m1 test[22m[2m | [22m[31m1 failed[39m[2m)[22m[32m 84[2mms[22m[39m
[31m     [31mﾃ・[31m renders with actual profile data[39m[32m 80[2mms[22m[39m

[2m Test Files [22m [1m[31m1 failed[39m[22m[90m (1)[39m
[2m      Tests [22m [1m[31m1 failed[39m[22m[90m (1)[39m
[2m   Start at [22m 02:29:06
[2m   Duration [22m 2.71s[2m (transform 271ms, setup 392ms, import 769ms, tests 84ms, environment 1.00s)[22m

